[      90ms] [INFO] %cDownload the React DevTools for a better development experience: https://reactjs.org/link/react-devtools font-weight:bold @ http://localhost:5173/node_modules/.vite/deps/chunk-U3XUIKGL.js?v=efbcb21a:21550
[     126ms] [ERROR] Failed to load resource: the server responded with a status of 404 (Not Found) @ http://localhost:5173/favicon.ico:0
[     243ms] [VERBOSE] [DOM] Input elements should have autocomplete attributes (suggested: "current-password"): (More info: https://goo.gl/9p2vKq) %o @ http://localhost:5173/:0
[   12858ms] [ERROR] Failed to load resource: the server responded with a status of 403 (Forbidden) @ http://localhost:5173/api/auth/sign-in/email:0
[  101388ms] [ERROR] Failed to load resource: the server responded with a status of 403 (Forbidden) @ http://localhost:5173/api/auth/sign-in/email:0
[  102554ms] [INFO] %cDownload the React DevTools for a better development experience: https://reactjs.org/link/react-devtools font-weight:bold @ http://localhost:5173/node_modules/.vite/deps/chunk-U3XUIKGL.js?v=efbcb21a:21550
[  102678ms] [VERBOSE] [DOM] Input elements should have autocomplete attributes (suggested: "current-password"): (More info: https://goo.gl/9p2vKq) %o @ http://localhost:5173/:0
[  112285ms] [ERROR] Failed to load resource: the server responded with a status of 403 (Forbidden) @ http://localhost:5173/api/auth/sign-in/email:0
[ 2973509ms] [INFO] %cDownload the React DevTools for a better development experience: https://reactjs.org/link/react-devtools font-weight:bold @ http://localhost:5173/node_modules/.vite/deps/chunk-U3XUIKGL.js?v=efbcb21a:21550
[ 2973636ms] [VERBOSE] [DOM] Input elements should have autocomplete attributes (suggested: "current-password"): (More info: https://goo.gl/9p2vKq) %o @ http://localhost:5173/:0
[ 2984047ms] [ERROR] Failed to load resource: the server responded with a status of 403 (Forbidden) @ http://localhost:5173/api/auth/sign-in/email:0
[ 3086684ms] [INFO] %cDownload the React DevTools for a better development experience: https://reactjs.org/link/react-devtools font-weight:bold @ http://localhost:5173/node_modules/.vite/deps/chunk-U3XUIKGL.js?v=efbcb21a:21550
[ 3086814ms] [VERBOSE] [DOM] Input elements should have autocomplete attributes (suggested: "current-password"): (More info: https://goo.gl/9p2vKq) %o @ http://localhost:5173/:0
[ 3106679ms] [ERROR] Failed to load resource: the server responded with a status of 403 (Forbidden) @ http://localhost:5173/api/auth/sign-in/email:0
[ 3155976ms] [INFO] %cDownload the React DevTools for a better development experience: https://reactjs.org/link/react-devtools font-weight:bold @ http://localhost:5173/node_modules/.vite/deps/chunk-U3XUIKGL.js?v=efbcb21a:21550
[ 3156100ms] [VERBOSE] [DOM] Input elements should have autocomplete attributes (suggested: "current-password"): (More info: https://goo.gl/9p2vKq) %o @ http://localhost:5173/:0
[ 3162963ms] [ERROR] Failed to load resource: the server responded with a status of 403 (Forbidden) @ http://localhost:5173/api/auth/sign-in/email:0
[ 3518383ms] [INFO] %cDownload the React DevTools for a better development experience: https://reactjs.org/link/react-devtools font-weight:bold @ http://localhost:5173/node_modules/.vite/deps/chunk-U3XUIKGL.js?v=efbcb21a:21550
[ 3518521ms] [VERBOSE] [DOM] Input elements should have autocomplete attributes (suggested: "current-password"): (More info: https://goo.gl/9p2vKq) %o @ http://localhost:5173/:0
[ 3530717ms] [ERROR] Failed to load resource: the server responded with a status of 403 (Forbidden) @ http://localhost:5173/api/auth/sign-in/email:0
[ 3845306ms] [INFO] %cDownload the React DevTools for a better development experience: https://reactjs.org/link/react-devtools font-weight:bold @ http://localhost:5173/node_modules/.vite/deps/chunk-U3XUIKGL.js?v=efbcb21a:21550
[ 3845432ms] [VERBOSE] [DOM] Input elements should have autocomplete attributes (suggested: "current-password"): (More info: https://goo.gl/9p2vKq) %o @ http://localhost:5173/:0
[ 5103471ms] [INFO] %cDownload the React DevTools for a better development experience: https://reactjs.org/link/react-devtools font-weight:bold @ http://localhost:5173/node_modules/.vite/deps/chunk-U3XUIKGL.js?v=efbcb21a:21550
[ 5103591ms] [VERBOSE] [DOM] Input elements should have autocomplete attributes (suggested: "current-password"): (More info: https://goo.gl/9p2vKq) %o @ http://localhost:5173/:0
[ 5120460ms] [INFO] %cDownload the React DevTools for a better development experience: https://reactjs.org/link/react-devtools font-weight:bold @ http://localhost:5173/node_modules/.vite/deps/chunk-U3XUIKGL.js?v=efbcb21a:21550
[ 5123030ms] [ERROR] Failed to load resource: the server responded with a status of 503 (Service Unavailable) @ http://localhost:5173/api/publishing-accounts/youtube/oauth/start:0
[ 5793086ms] [INFO] %cDownload the React DevTools for a better development experience: https://reactjs.org/link/react-devtools font-weight:bold @ http://localhost:5173/node_modules/.vite/deps/chunk-U3XUIKGL.js?v=efbcb21a:21550
